✔ sendSlack — no-op when ALERT_SLACK_WEBHOOK is unset (0.7465ms)
✔ sendSlack — POSTs JSON payload with text field when webhook is set (0.6965ms)
✔ sendSlack — logs warn on non-2xx response (0.120375ms)
✔ sendSlack — logs warn on fetch network error, never throws (0.213333ms)
✔ sendAlert — fire-and-forget: never blocks, never rejects (5.609667ms)
✔ sendAlert — works when webhook is missing (no crash) (0.551834ms)
✔ Lidarr/SkyHook search contract matches golden fixture (1.481375ms)
✔ Lidarr/SkyHook search contract rejects flat response items (0.071541ms)
✔ Lidarr/SkyHook search golden fixture satisfies union contracts (0.2035ms)
✔ artist lookup golden fixture keeps Lidarr-safe fields stable (0.176875ms)
✔ generateKey returns 400 when name is missing (1.148541ms)
✔ generateKey returns 400 when body is empty (0.126541ms)
✔ generateKey returns the new key and id on success (0.121417ms)
✔ generateKey uses default quota of 60 when not provided (0.119458ms)
✔ getAllKeys returns the list of keys (0.524541ms)
✔ getAllKeys returns empty list when no keys exist (0.231916ms)
✔ revokeKey returns 400 when key param is missing (0.111167ms)
✔ revokeKey returns 404 when key is not found (0.102125ms)
✔ revokeKey returns success message when key is deleted (0.114625ms)
[Control] Sync triggered
[Control] Sync triggered
✔ startProxy returns isRunning=true and a message (1.236458ms)
✔ startProxy sets metrics.state.isRunning to true (0.571792ms)
✔ stopProxy returns isRunning=false and a message (0.134917ms)
✔ stopProxy sets metrics.state.isRunning to false (0.111333ms)
✔ clearCache returns success message (0.137ms)
✔ triggerSync returns a message and timestamp (1.321291ms)
✔ triggerSync emits sync_triggered event on metrics (0.164959ms)
✔ getProvidersMetricsDebug — empty state returns 200 with empty providers array (0.7315ms)
✔ getProvidersMetricsDebug — surfaces raw, decayed, and score for a recorded provider (0.316042ms)
✔ getProvidersMetricsDebug — decayed counters shrink with elapsed time, raw stays (0.137708ms)
✔ getProvidersMetricsDebug — multiple providers each have raw/decayed/score (0.698958ms)
✔ getProvidersMetricsDebug — does NOT mutate metrics state (0.096709ms)
✔ getProvidersMetricsDebug — response shape contract (0.084667ms)
✔ getProvidersDebug — empty state returns 200 with empty providers array (0.6805ms)
✔ getProvidersDebug — surfaces a healthy provider with score and counters (0.361ms)
✔ getProvidersDebug — surfaces a disabled provider after 3 failures (0.165083ms)
✔ getProvidersDebug — unions names from health and metrics maps (0.689583ms)
✔ getProvidersDebug — response shape is the documented contract (0.087833ms)
✔ getProvidersDebug — does NOT mutate health or metrics state (0.083417ms)
✔ artist lookup requires a term (8.443958ms)
✔ artist lookup normalizes provider data and caches the response (2.214375ms)
✔ artist lookup preserves ISO 8601 firstReleaseDate from provider (v0.3.36) (0.827166ms)
✔ artist lookup returns cached response without debug data by default (0.388ms)
✔ artist lookup returns partial error response when all providers fail (1.364625ms)
✔ handleSearch requires a query parameter (0.776209ms)
✔ handleSearch returns cached response in SkyHook shape (0.662583ms)
✔ handleSearch fetches upstream, caches, and returns SkyHook-wrapped candidates (0.538792ms)
✔ handleSearch handles upstream error (0.516333ms)
✔ handleSearch error body MUST NOT leak axios err.config (URL, headers, params, User-Agent) (0.71175ms)
✔ handleArtistDiscover error body MUST NOT leak axios err.config (1.217834ms)
✔ handleSearch handles lock timeout (379.747208ms)
✔ handleSearch coalescing returns cached data (102.658125ms)
✔ artist lookup handles lock timeout (372.822042ms)
✔ artist lookup coalescing returns cached data (114.80275ms)
✔ artist lookup coalescing returns cached data with debug (113.7605ms)
✔ handleArtistDiscover requires query (0.342459ms)
✔ handleArtistDiscover returns SkyHook-wrapped candidates inside envelope (0.265541ms)
✔ handleArtistDiscover handles errors (0.1825ms)
✔ handleArtistDiscover degrades to 200 with empty candidates when discovery returns [] (0.10725ms)
✔ handleSongAlbums requires artist and song (0.115542ms)
✔ handleSongAlbums returns albums (0.116458ms)
✔ handleSongAlbums handles errors (0.123041ms)
✔ isAuthenticated returns false when no cookie is present (63.770125ms)
✔ isAuthenticated returns false when cookie is missing (0.187417ms)
✔ isAuthenticated returns false when token is expired (0.347375ms)
✔ isAuthenticated returns false when no admin password is configured (0.120291ms)
✔ isAuthenticated returns false when session secret is empty (0.154416ms)
✔ isAuthenticated returns true for a valid unexpired token (0.184084ms)
✔ getSettingsStatus returns enabled, setupRequired, authenticated fields (0.228667ms)
✔ getSettingsStatus reflects hasAdminPassword correctly (0.138541ms)
✔ setupSettings returns 409 when admin password is already configured (0.138708ms)
✔ setupSettings returns 400 when password is shorter than 8 characters (0.139541ms)
✔ setupSettings calls bootstrapAdminPassword and sets auth cookie on success (0.183084ms)
✔ loginSettings returns 503 when no admin password is configured (0.128583ms)
✔ loginSettings returns 401 when password is incorrect (0.485167ms)
✔ loginSettings sets auth cookie and returns ok on correct password (0.387916ms)
✔ logoutSettings clears the settings cookie and returns ok (0.993ms)
✔ requireSettingsAuth calls next when session is authenticated (0.265625ms)
✔ requireSettingsAuth returns 401 when not authenticated (0.085209ms)
✔ requireSettingsAuth returns 401 with setup message when no password configured (0.062417ms)
✔ updateSettings returns 400 when no updates provided (0.07425ms)
✔ updateSettings returns 400 when body is null (0.051958ms)
✔ updateSettings calls updateRuntimeConfig and returns applied/skipped (0.799875ms)
✔ generateName returns a new name (0.2235ms)
✔ getNameHistory returns previously generated names (0.138708ms)
✔ clearRuntimeSetting returns 400 when key is missing (0.103958ms)
✔ clearRuntimeSetting returns 404 for unknown key (0.091875ms)
✔ clearRuntimeSetting returns ok true with cleared=true and new value/source (0.088208ms)
✔ clearRuntimeSetting returns cleared=false when no override existed (0.069958ms)
✔ updateSettings exposes cleared map alongside applied (0.08525ms)
✔ compareVersions handles release tag prefixes and semver parts (24.227958ms)
✔ buildUpdateStatus returns status when update is available (2.689583ms)
✔ buildUpdateStatus handles GitHub API error (0.79375ms)
✔ getUpdateStatus sends JSON response (0.646208ms)
✔ applyUpdate returns 409 if runner is not enabled (0.783041ms)
✔ applyUpdate returns success when already up to date (0.67925ms)
✔ applyUpdate executes steps when update is available (2.224208ms)
✔ applyUpdate handles exec error (0.354584ms)
▶ upstream-buffer.record + query
  ✔ records entries and returns them newest-first (3.015333ms)
  ✔ evicts oldest when exceeding maxSize (0.133708ms)
  ✔ filters by provider (0.148083ms)
  ✔ provider filter is case-insensitive (0.093792ms)
  ✔ respects limit (0.134834ms)
  ✔ limit + provider together (0.12225ms)
  ✔ filters by requestId across providers (0.1175ms)
  ✔ requestId + provider intersect (0.072416ms)
✔ upstream-buffer.record + query (4.789ms)
▶ upstream-buffer.classifyFailedStep
  ✔ null when no error and 2xx status (0.083541ms)
  ✔ http for non-2xx without error (0.043041ms)
  ✔ dns for DNS error codes (0.068958ms)
  ✔ tcp for TCP connect error codes (0.035333ms)
  ✔ tls for ECONNRESET (the MB failure mode) (0.032042ms)
  ✔ http for axios timeout (phase ambiguous) (0.061459ms)
  ✔ http for HTTP-status errors with response (0.039625ms)
  ✔ http for unknown error codes (0.022375ms)
✔ upstream-buffer.classifyFailedStep (2.663625ms)
{"timestamp":"2026-05-02T06:14:09.693Z","level":"WARN","message":"Redis error, falling back to in-memory","context":"Cache","error":""}
▶ API E2E Tests
  ▶ Core Endpoints
    ✔ GET /api/health → returns 200 + valid JSON (4.302125ms)
    ✔ GET /api/ready → returns readiness structure (6.953917ms)
    ✔ GET /api/search?q=test → valid array response (7.373875ms)
  ✔ Core Endpoints (19.024125ms)
{"timestamp":"2026-05-02T06:14:09.749Z","level":"INFO","message":"Created new API key for e2e-test-client"}
  ▶ Auth Behavior
    ✔ no token → returns 401 (4.115417ms)
{"timestamp":"2026-05-02T06:14:11.173Z","level":"WARN","message":"Redis error, falling back to in-memory","context":"Cache","error":"Simulated Redis Error"}
    ✔ valid token → returns 200 (1460.288375ms)
  ✔ Auth Behavior (1464.796959ms)
{"timestamp":"2026-05-02T06:14:11.174Z","level":"WARN","message":"Redis error, falling back to in-memory","context":"Cache","error":""}
  ▶ Failure Scenarios
    ✔ Redis unavailable → no crashes, graceful fallback behavior (1.687833ms)
{"timestamp":"2026-05-02T06:14:11.276Z","level":"WARN","message":"Redis error, falling back to in-memory","context":"Cache","error":""}
{"timestamp":"2026-05-02T06:14:11.428Z","level":"WARN","message":"Redis error, falling back to in-memory","context":"Cache","error":""}
{"timestamp":"2026-05-02T06:14:11.630Z","level":"WARN","message":"Redis error, falling back to in-memory","context":"Cache","error":""}
{"timestamp":"2026-05-02T06:14:11.883Z","level":"WARN","message":"Redis error, falling back to in-memory","context":"Cache","error":""}
{"timestamp":"2026-05-02T06:14:12.277Z","level":"WARN","requestId":"c370a917e96ce0f2","message":"Upstream retry","provider":"musicbrainz","path":"/artist","attempt":1,"nextAttempt":2,"reason":"UNKNOWN","nextWaitMs":163,"retryAfterMs":null}
{"timestamp":"2026-05-02T06:14:13.378Z","level":"WARN","requestId":"c370a917e96ce0f2","message":"Upstream retry","provider":"musicbrainz","path":"/artist","attempt":2,"nextAttempt":3,"reason":"UNKNOWN","nextWaitMs":326,"retryAfterMs":null}
{"timestamp":"2026-05-02T06:14:14.481Z","level":"ERROR","requestId":"c370a917e96ce0f2","message":"Upstream request failed after 3 attempts: https://musicbrainz.org/ws/2/artist","error":{"name":"Error","message":"Simulated Provider Failure","stack":"Error: Simulated Provider Failure\n    at wrap.<anonymous> (/Users/jasonwalker/Development/lidarr-lite-proxy/src/e2e/api.e2e.test.js:214:15)\n    at Object.apply (node:internal/test_runner/mock/mock:757:20)\n    at /Users/jasonwalker/Development/lidarr-lite-proxy/src/services/upstream.service.js:184:30\n    at enqueueRequest (/Users/jasonwalker/Development/lidarr-lite-proxy/src/services/upstream.service.js:62:10)\n    at async UpstreamService.musicBrainzGet (/Users/jasonwalker/Development/lidarr-lite-proxy/src/services/upstream.service.js:183:20)\n    at async discoverArtistByMb (/Users/jasonwalker/Development/lidarr-lite-proxy/src/providers/artist-discovery.js:171:18)\n    at async safeProviderCall (/Users/jasonwalker/Development/lidarr-lite-proxy/src/providers/safeProviderCall.js:51:20)\n    at async tryProvidersInOrder (/Users/jasonwalker/Development/lidarr-lite-proxy/src/providers/artist-discovery.js:119:22)\n    at async handleSearch (/Users/jasonwalker/Development/lidarr-lite-proxy/src/controllers/proxy.controller.js:82:18)"}}
{"timestamp":"2026-05-02T06:14:14.481Z","level":"WARN","requestId":"c370a917e96ce0f2","message":"Discovery provider failed","kind":"artist","query":"provider-fail-test","provider":"musicbrainz","error":"Simulated Provider Failure"}
{"timestamp":"2026-05-02T06:14:14.482Z","level":"WARN","requestId":"c370a917e96ce0f2","message":"Discovery provider failed","kind":"artist","query":"provider-fail-test","provider":"itunes","error":"Simulated Provider Failure"}
{"timestamp":"2026-05-02T06:14:14.482Z","level":"WARN","requestId":"c370a917e96ce0f2","message":"All discovery providers exhausted","kind":"artist","query":"provider-fail-test","errors":[{"provider":"musicbrainz","message":"Simulated Provider Failure"},{"provider":"itunes","message":"Simulated Provider Failure"}]}
    ✔ Provider failure → graceful response, no crashes (3307.574125ms)
  ✔ Failure Scenarios (3309.525041ms)
✔ API E2E Tests (4800.335458ms)
✔ enrichResult returns the original result unchanged when artistName is absent (84.150416ms)
✔ enrichResult returns the original result unchanged when artistName is empty (0.305958ms)
✔ enrichResult uses cached enrichment data when available (0.692292ms)
✔ enrichResult fetches and caches enrichment on cache miss (0.256459ms)
✔ enrichResult normalises cache key (lowercases) (0.158542ms)
✔ enrichResult includes _enrichmentDebug when isDebug is true (0.155833ms)
✔ enrichResult does not include _enrichmentDebug by default (0.171583ms)
✔ enrichResult _enrichmentDebug marks cached=true on cache hit (0.145291ms)
✔ enrichResult records latencyMs in metrics (0.205583ms)
✔ enrichArtistData calls Last.fm and Discogs and handles success (0.85425ms)
✔ enrichArtistData handles Last.fm single tag and Discogs empty results (0.308167ms)
✔ enrichArtistData handles Last.fm and Discogs errors gracefully (0.296334ms)
✔ enrichResult handles general errors correctly (e.g. cache failing or mockAxios throwing outside Promise.all) (0.13625ms)
✔ providerHealth — fresh provider is healthy and usable (0.74975ms)
✔ providerHealth — single failure yields degraded, still usable (2.674125ms)
✔ providerHealth — disable after 3 consecutive failures (0.192875ms)
✔ providerHealth — success resets failures and restores healthy (0.564583ms)
✔ providerHealth — canary allowed only after cooldown elapses (0.504542ms)
✔ providerHealth — canary success alone does not restore disabled provider (0.229417ms)
✔ providerHealth — canary failure leaves provider disabled and resets cooldown (0.139125ms)
✔ providerHealth — failures on one provider do not affect another (0.086167ms)
✔ providerHealth — lastErrorMessage tracks the most recent failure cause (0.113584ms)
✔ providerHealth — auto-reenables disabled provider after success threshold (4.580125ms)
✔ providerHealth — does not reenable with spaced-out successes (0.310166ms)
✔ providerHealth — does not reenable if failures interrupt success streak (0.599083ms)
✔ providerHealth — returns to disabled if failures resume after auto-reenable (0.268125ms)
✔ providerHealth — auto-reenable log does not repeat after reenable (0.071333ms)
✔ providerHealth — defaults still apply when no env set (73.529417ms)
✔ providerHealth — custom PROVIDER_FAILURE_THRESHOLD respected (72.494916ms)
✔ providerHealth — custom PROVIDER_COOLDOWN_MS respected (59.076959ms)
✔ providerHealth — custom PROVIDER_REENABLE_SUCCESS_THRESHOLD respected (62.22875ms)
✔ providerHealth — custom PROVIDER_REENABLE_WINDOW_MS respected (49.823916ms)
✔ providerHealth — invalid PROVIDER_FAILURE_THRESHOLD throws on load (50.374667ms)
✔ providerHealth — invalid PROVIDER_FAILURE_THRESHOLD (negative) throws on load (48.445792ms)
✔ providerHealth — invalid PROVIDER_COOLDOWN_MS (negative) throws on load (47.685459ms)
✔ providerHealth — sendAlert fires exactly once on transition to disabled (0.081333ms)
✔ providerHealth — sendAlert does NOT repeat while already disabled (0.044042ms)
✔ providerHealth — alert message includes provider name, failure count, last error (0.034875ms)
✔ providerMetrics — fresh provider scores 0.25 from default latency only (0.753625ms)
✔ providerMetrics — record updates counters and EWMA (0.234666ms)
✔ providerMetrics — failure increments only failure counter (0.079042ms)
✔ providerMetrics — successRate dominates score ordering (0.090375ms)
✔ providerMetrics — latency reorders providers with equal success rate (0.060958ms)
✔ providerMetrics — computeScore handles null/undefined safely (0.041709ms)
✔ providerMetrics — get is lazy and idempotent (0.064625ms)
✔ providerMetrics — computeScore is PURE: does not mutate the input (0.104375ms)
✔ providerMetrics — applyDecay reduces counters proportional to elapsed minutes (0.079917ms)
✔ providerMetrics — decay shrinks raw clone counters but preserves successRate (0.159208ms)
✔ providerMetrics — persists across reload (196.492333ms)
✔ providerMetrics — corrupted file does not crash on load (59.803541ms)
✔ providerMetrics — missing file does not crash on load (50.160209ms)
✔ providerMetrics — sortByScore orders providers by computed score (desc) (0.735334ms)
✔ providerMetrics — sortByScore handles empty input (0.035834ms)
✔ providerMetrics — sortByScore preserves arbitrary item shape (0.046333ms)
﹣ real provider integration configuration selects at least one provider (0.834792ms) # Set REAL_PROVIDER_INTEGRATION=true to run live provider integration tests.
﹣ real provider integration: musicbrainz returns normalized artist albums (0.138583ms) # Set REAL_PROVIDER_INTEGRATION=true to run live provider integration tests.
﹣ real provider integration: itunes returns normalized artist albums (0.04675ms) # Set REAL_PROVIDER_INTEGRATION=true to run live provider integration tests.
﹣ real provider integration: theaudiodb returns normalized artist albums (0.038292ms) # Set REAL_PROVIDER_INTEGRATION=true to run live provider integration tests.
﹣ real provider integration: lastfm returns normalized artist albums (0.042708ms) # Set REAL_PROVIDER_INTEGRATION=true to run live provider integration tests.
﹣ real provider integration: discogs returns normalized artist albums (0.037084ms) # Set REAL_PROVIDER_INTEGRATION=true to run live provider integration tests.
﹣ real provider integration: aggregateArtist returns a stable merged payload (0.041208ms) # Set REAL_PROVIDER_INTEGRATION=true to run live provider integration tests.
✔ recordRequest increments total request count (1.408167ms)
✔ recordRequest maintains the sliding RPM window (0.178792ms)
✔ recordCache increments hits on cache hit (0.137667ms)
✔ recordCache increments misses on cache miss (0.142875ms)
✔ getLatencyStats returns zeros when no samples exist (0.151459ms)
✔ getLatencyStats computes average correctly (0.395708ms)
✔ getLatencyStats caps sample buffer at maxLatencySamples (1.057583ms)
✔ recordRanking increments totalRankings (0.653334ms)
✔ recordRanking classifies scores into distribution buckets (0.7205ms)
✔ recordRanking accumulates totalRankingTimeMs (0.827375ms)
✔ recordEnrichment increments total and successful counts (0.501583ms)
✔ recordEnrichment tracks cached enrichments separately (0.312916ms)
✔ recordApiRequest initialises key stats on first call (0.356791ms)
✔ recordApiRequest increments errors on failure (1.49475ms)
✔ recordApiKeyError increments both requests and errors (0.228292ms)
✔ getTopQueries returns queries sorted by count descending (0.943459ms)
✔ getTopQueries respects the limit parameter (0.214666ms)
✔ recordArtistLookup increments partial count (0.127958ms)
✔ recordArtistLookup increments errors when statusCode >= 400 (0.096667ms)
✔ getStats returns a structured snapshot (0.265292ms)
✔ getStats cache hitRate is null when no requests (0.1065ms)
✔ getStats computes error rate correctly (0.126417ms)
✔ startProxy sets isRunning to true (0.079541ms)
✔ stopProxy sets isRunning to false (0.068458ms)
✔ takeSnapshot adds an entry to history (0.102291ms)
✔ getHistory keeps at most 10 snapshots (0.247666ms)
✔ recordProviderCall tracks provider call stats (0.116167ms)
{"timestamp":"2026-05-02T06:14:09.617Z","level":"WARN","message":"Invalid API key attempted: mp_inval***"}
{"timestamp":"2026-05-02T06:14:09.618Z","level":"WARN","message":"API key quota exceeded for key: mp_quota***"}
✔ api key middleware rejects missing keys (2.165792ms)
✔ api key middleware rejects invalid keys (1.479541ms)
✔ api key middleware rejects keys over quota (0.334042ms)
✔ api key middleware accepts valid keys and records completion metrics (0.296083ms)
✔ proxyStateMiddleware calls next when proxy is running (1.131833ms)
✔ proxyStateMiddleware returns 503 when proxy is stopped (0.55875ms)
✔ proxyAuth calls next directly when session is authenticated (1.146709ms)
✔ proxyAuth delegates to apiKey middleware when not authenticated (0.170208ms)
✔ proxyAuth calls next when apiKey middleware accepts the request (0.126417ms)
{"timestamp":"2026-05-02T06:14:09.632Z","level":"WARN","message":"Rate limit exceeded","ip":"10.0.1.2","path":"/api/test"}
{"timestamp":"2026-05-02T06:14:09.634Z","level":"WARN","message":"Rate limit exceeded","ip":"10.0.1.3","path":"/api/test"}
{"timestamp":"2026-05-02T06:14:09.634Z","level":"WARN","message":"Rate limit exceeded","ip":"10.0.1.4","path":"/api/test"}
{"timestamp":"2026-05-02T06:14:09.634Z","level":"WARN","message":"Rate limit exceeded","ip":"10.0.1.5","path":"/api/test"}
{"timestamp":"2026-05-02T06:14:09.635Z","level":"WARN","message":"Rate limit exceeded","ip":"10.0.1.6","path":"/api/test"}
✔ rateLimit allows requests under the limit (0.704916ms)
✔ rateLimit blocks with 429 once limit is reached (2.065459ms)
✔ rateLimit response includes retryAfter field (0.369042ms)
✔ rateLimit response includes custom message (0.281959ms)
✔ rateLimit defaults to 60 requests per minute (0.257417ms)
{"timestamp":"2026-05-02T06:14:09.697Z","level":"WARN","message":"Rate limit exceeded","ip":"10.0.1.7","path":"/api/test"}
{"timestamp":"2026-05-02T06:14:09.697Z","level":"WARN","message":"Rate limit exceeded","ip":"10.0.1.8","path":"/api/test"}
✔ rateLimit allows new requests after the window expires (61.717792ms)
✔ rateLimit tracks each IP independently (0.405667ms)
✔ rateLimit falls back to req.connection.remoteAddress when req.ip is absent (0.522083ms)
✔ requestId middleware — generates id when no header (2.381833ms)
✔ requestId middleware — honors valid X-Request-Id header (0.113792ms)
✔ requestId middleware — accepts hex, UUID, base64url alphabets (0.118208ms)
✔ requestId middleware — rejects invalid characters → generates new (0.107834ms)
✔ requestId middleware — rejects too-long values → generates new (0.08025ms)
✔ requestId middleware — rejects empty string → generates new (0.06375ms)
✔ requestId middleware — async work inside next() inherits ALS context (3.409167ms)
✔ validateOrGenerate — exposed for direct testing (0.137958ms)
▶ Artist Discovery Provider
  ✔ discoverArtists - artist (19.443209ms)
  ✔ discoverArtists - artist enriches MB candidates with exact provider images (2.268417ms)
  ✔ discoverArtists - song (1.044792ms)
  ✔ discoverArtists - song fallback to itunes when MB fails (1.167834ms)
  ✔ discoverArtists - album (0.489667ms)
  ✔ discoverArtists - album fallback to itunes when MB fails (0.353667ms)
  ✔ discoverArtists - empty query throws (0.380208ms)
  ✔ discoverArtists - artist falls back to iTunes when MB fails (0.307834ms)
  ✔ MB-disabled config never calls MusicBrainz (0.269417ms)
  ✔ discoverArtists falls through to theaudiodb then discogs (1.82575ms)
  ✔ all providers fail → returns [] (no throw, no 502) (0.749833ms)
  ✔ getEnabledProviders reflects metadataProviders config (0.491042ms)
  ✔ findSongAlbums - combined results (0.57875ms)
  ✔ findSongAlbums - returns partial result when both fail (no throw) (0.707541ms)
  ✔ findSongAlbums - MB disabled skips MB call (0.316708ms)
  ✔ findSongAlbums - requires artist and song (0.187541ms)
✔ Artist Discovery Provider (35.398ms)
▶ Discogs Provider
  ✔ searchArtist - returns exact match artist and albums (20.430458ms)
  ✔ searchArtist - returns empty if no artists found (0.451709ms)
  ✔ searchArtist - handles 404 on releases (0.303375ms)
  ✔ searchArtist - throws on non-404 error (0.39375ms)
  ✔ searchArtist - throws if no token configured (0.2405ms)
✔ Discogs Provider (22.696375ms)
(node:29470) Warning: Accessing non-existent property 'recordProviderCall' of module exports inside circular dependency
(Use `node --trace-warnings ...` to show where the warning was created)
(node:29470) Warning: Accessing non-existent property 'recordProviderCall' of module exports inside circular dependency
▶ Providers Index
  ✔ aggregateArtist - throws if no active providers (54.838291ms)
  ✔ aggregateArtist - handles successful providers and merges data (0.648ms)
  ✔ aggregateArtist - handles partial failures (0.355917ms)
  ✔ aggregateArtist - merges releaseDate, prefers more precise (v0.3.36) (0.358125ms)
  ✔ aggregateArtist - throws if all providers fail (0.24175ms)
  ✔ testProvider - returns info for a valid provider (0.204167ms)
  ✔ testProvider - throws for unknown provider (0.166875ms)
✔ Providers Index (57.638834ms)
▶ iTunes Provider
  ✔ searchArtist - returns albums with upgraded artwork (10.029292ms)
  ✔ searchArtist - returns empty if no results (0.416834ms)
✔ iTunes Provider (11.018ms)
▶ LastFM Provider
  ✔ searchArtist - returns mapped albums (12.926292ms)
  ✔ searchArtist - returns empty if no topalbums (0.35875ms)
  ✔ searchArtist - handles 404 (0.293125ms)
  ✔ searchArtist - throws on non-404 error (0.359458ms)
  ✔ searchArtist - throws if no API key configured (0.234708ms)
✔ LastFM Provider (15.374667ms)
▶ MusicBrainz Provider
  ✔ searchArtist - returns exact artist match and albums (1.063917ms)
  ✔ searchArtist - returns empty if no artist found (0.155916ms)
✔ MusicBrainz Provider (1.779125ms)
✔ safeProviderCall — disabled provider is skipped without invoking fn (1.242833ms)
✔ safeProviderCall — empty array is SUCCESS (finalized rule 2) (0.755791ms)
✔ safeProviderCall — array with valid items returns filtered array (0.175ms)
✔ safeProviderCall — array with all-invalid items is INVALID SHAPE (failure) (0.392625ms)
✔ safeProviderCall — object with artistName is success (aggregateArtist contract) (0.521584ms)
✔ safeProviderCall — object with only albums array is success (0.210125ms)
✔ safeProviderCall — null/undefined result is INVALID SHAPE (failure) (1.659083ms)
✔ safeProviderCall — string/number result is INVALID SHAPE (failure) (0.324791ms)
✔ safeProviderCall — exception is FAILURE and re-thrown to caller (0.464625ms)
✔ safeProviderCall — latency is recorded on every non-skipped path (1.35975ms)
✔ safeProviderCall — INVALID_SHAPE failure is recorded exactly once (no double-count) (0.401667ms)
✔ getProviderScore calculates correct score for perfect provider (0.695333ms)
✔ getProviderScore applies penalty for high latency (0.078209ms)
✔ getProviderScore applies penalty for errors (0.055917ms)
✔ getProviderScore applies penalty for incomplete data (0.064875ms)
✔ getProviderScore applies priority boost (0.069916ms)
✔ getProviderScore handles missing metrics gracefully (0.043708ms)
▶ TheAudioDb Provider
  ✔ searchArtist - returns mapped albums (14.989042ms)
  ✔ searchArtistProfile - returns artist images (4.105125ms)
  ✔ searchArtistProfile - returns null if no artist found (1.318875ms)
  ✔ searchArtist - throws if no API key configured (1.156042ms)
  ✔ searchArtist - returns empty if no results (0.728625ms)
✔ TheAudioDb Provider (23.527416ms)
✔ rankResults throws when input is null (0.867666ms)
✔ rankResults throws when input has no results property (0.06075ms)
✔ rankResults throws when results is not an array (0.049958ms)
✔ rankResults returns empty results array when results is empty (1.19425ms)
✔ exact case-sensitive match yields highest text score (0.330709ms)
✔ case-insensitive match scores lower than exact (0.148459ms)
✔ partial substring match gives textMatch 0.6 (0.251917ms)
✔ shared-word match gives textMatch 0.3 (0.138375ms)
✔ no matching words yields textMatch 0.0 (0.095833ms)
✔ empty query or empty artistName yields textMatch 0.0 (0.100416ms)
✔ results are sorted by score descending (0.988708ms)
✔ higher confidence yields higher score (0.15825ms)
✔ more albums yield higher popularity score (0.085209ms)
✔ album score is capped at 1.0 for 20+ albums (0.075916ms)
✔ more provider sources yield higher popularity (0.578917ms)
✔ albums with firstReleaseDate count toward completeness (0.363209ms)
✔ albums with year field also count toward completeness (0.17575ms)
✔ debug data includes scores and rankingFactors for each result (0.1405ms)
✔ ranked results include score field (0.096375ms)
✔ non-numeric confidence defaults to 0 (0.085333ms)
✔ missing providerSources defaults providerCount to 1 (0.055083ms)
▶ diagnose.service helpers
  ✔ classifyFailedStep — dns when lookup never fired (0.430958ms)
  ✔ classifyFailedStep — dns when lookupError set even if lookup time recorded (0.060916ms)
  ✔ classifyFailedStep — tcp when lookup ok but no connect (0.044959ms)
  ✔ classifyFailedStep — tls when connect ok but no secureConnect (0.096583ms)
  ✔ classifyFailedStep — http on non-2xx response (0.055458ms)
  ✔ classifyFailedStep — parse on 2xx with parse error (0.047208ms)
  ✔ classifyFailedStep — null on 2xx with valid parse (0.041292ms)
  ✔ timings — computes per-phase deltas relative to previous phase (0.663208ms)
  ✔ timings — null phases when not reached (0.063542ms)
  ✔ pickHeaders — returns only allow-listed names, lower-cased, present-only (0.09275ms)
✔ diagnose.service helpers (11.566375ms)
✔ diagnoseMusicBrainz — DNS failure path returns failedStep dns and no http section (0.603667ms)
✔ diagnoseMusicBrainz — surfaces partial DNS (v4 ok, v6 fails) (8.886416ms)
▶ parseRetryAfter — delta-seconds
  ✔ integer seconds → ms (0.503709ms)
  ✔ whitespace tolerated (0.058625ms)
  ✔ negative or signed values rejected (0.061083ms)
  ✔ decimals rejected (RFC requires integer delta-seconds) (0.043583ms)
✔ parseRetryAfter — delta-seconds (1.25475ms)
▶ parseRetryAfter — HTTP-date
  ✔ IMF-fixdate (RFC 1123) future → positive ms (0.050917ms)
  ✔ past date → 0 (not negative) (0.043208ms)
  ✔ asctime format (9.731709ms)
✔ parseRetryAfter — HTTP-date (10.266125ms)
▶ parseRetryAfter — invalid inputs
  ✔ null/undefined/empty → null (1.056541ms)
  ✔ garbage → null (0.076ms)
✔ parseRetryAfter — invalid inputs (1.408709ms)
▶ nextRetryDelay — willRetry gating
  ✔ attempt >= maxAttempts → willRetry false (0.088459ms)
  ✔ invalid attempt → willRetry false (0.041042ms)
✔ nextRetryDelay — willRetry gating (0.222833ms)
▶ nextRetryDelay — Retry-After honoring on 429
  ✔ 429 with Retry-After=5 → delayMs=5000 (0.901792ms)
  ✔ 429 with Retry-After=60 but max=30000 → clamped to 30000 (0.15925ms)
  ✔ 429 without Retry-After → falls through to jittered exp (0.067709ms)
  ✔ 429 with garbage Retry-After → falls through to jittered exp (0.045667ms)
✔ nextRetryDelay — Retry-After honoring on 429 (1.421208ms)
▶ nextRetryDelay — Retry-After also honored on 503 (CDN behavior)
  ✔ 503 with Retry-After=10 → delayMs=10000 (0.034209ms)
  ✔ 500 with Retry-After IGNORED (not 429/503) → exponential (0.031167ms)
✔ nextRetryDelay — Retry-After also honored on 503 (CDN behavior) (0.134041ms)
▶ nextRetryDelay — full jitter exponential
  ✔ rng=0 → delayMs=0 regardless of attempt (0.040375ms)
  ✔ rng=0.5 grows exponentially with attempt (0.046708ms)
  ✔ exponential capped at maxMs (0.133583ms)
✔ nextRetryDelay — full jitter exponential (0.293375ms)
▶ nextRetryDelay — network error path (no status)
  ✔ no status → exponential, no Retry-After (0.0355ms)
✔ nextRetryDelay — network error path (no status) (0.175625ms)
▶ Upstream Service
  ✔ probe - returns healthy on 200 (14.585667ms)
  ✔ probe - returns rate_limited on 429 (0.419542ms)
  ✔ probe - returns degraded on 500 (0.272792ms)
  ✔ probe - returns timeout on ECONNABORTED (0.307041ms)
  ✔ checkHealth - returns reachable or unreachable (0.269083ms)
  ✔ search - enqueues request and returns data (0.308959ms)
  ✔ musicBrainzGet - retries on 5xx errors and succeeds (1108.371875ms)
  ✔ musicBrainzGet - throws after 3 retries (2204.281083ms)
  ✔ musicBrainzGet - throws immediately on 4xx (2.271417ms)
  ✔ musicBrainzGet - records ring entry on success (2.554709ms)
  ✔ musicBrainzGet - records one entry per retry attempt with shared requestId (2203.464375ms)
  ✔ musicBrainzGet - records ECONNRESET as failedStep tls (2204.875375ms)
  ✔ musicBrainzGet - 4xx records single entry then throws (3.066375ms)
  ✔ musicBrainzGet - 429 with Retry-After header populates retryAfterMs (2204.2615ms)
  ✔ musicBrainzGet - 503 with Retry-After header (CDN behavior) (1102.738917ms)
  ✔ musicBrainzGet - Retry-After clamped to upstreamRetryMaxMs (1105.85325ms)
  ✔ musicBrainzGet - final attempt entry has nextWaitMs null (2207.881625ms)
✔ Upstream Service (14369.246334ms)
▶ Store Module
  ✔ generateRandomName returns a string with two words and a number (0.41025ms)
  ✔ getRuntimeConfig and getConfigValue (0.132ms)
  ✔ getSessionSecret (0.065417ms)
  ✔ updateRuntimeConfig (0.931417ms)
  ✔ updateRuntimeConfig with null clears the saved override (0.220125ms)
  ✔ clearRuntimeOverride removes a saved value and reports new source (0.233ms)
  ✔ clearRuntimeOverride is a no-op when no override exists (0.069667ms)
  ✔ clearRuntimeOverride rejects unknown keys (0.042375ms)
  ✔ getEnvShadowedKeys reports only when saved differs from env (0.358583ms)
  ✔ API Keys management (77.531ms)
  ✔ Admin Password (73.98325ms)
✔ Store Module (155.899167ms)
✔ shadowCall — does not block the caller (2.117084ms)
✔ shadowCall — logs success with provider, success, latencyMs, length (1.461208ms)
✔ shadowCall — provider exception is caught and logged at info, never propagates (0.630875ms)
✔ shadowCall — synchronous throw inside fn is also captured (0.943125ms)
✔ shadowCall — non-array result reports length=1 (treated as single object) (0.580458ms)
✔ toIsoDate — empty / nullish inputs return empty string (0.664917ms)
✔ toIsoDate — full ISO timestamp passes through unchanged (0.096958ms)
✔ toIsoDate — date-only YYYY-MM-DD pads to midnight UTC (0.052584ms)
✔ toIsoDate — year-month YYYY-MM pads to first of month (0.076125ms)
✔ toIsoDate — year-only YYYY pads to Jan 1 (0.060167ms)
✔ toIsoDate — accepts numeric year (album.year fallback path) (0.054042ms)
✔ toIsoDate — unrecognised formats pass through verbatim (0.041541ms)
✔ request-context — getRequestId returns null outside any scope (0.593208ms)
✔ request-context — getRequestId reads inside run() scope (0.093875ms)
✔ request-context — propagates across awaits (3.495958ms)
✔ request-context — sibling scopes are isolated (6.131875ms)
✔ request-context — leaks nothing after run() returns (0.1085ms)
✔ toSkyhookSearchShape — non-array input returns [] (1.241875ms)
✔ toSkyhookSearchShape — empty array stays empty (0.09475ms)
✔ toSkyhookSearchShape — artist candidate is wrapped under "artist" key (0.214667ms)
✔ toSkyhookSearchShape — artist falls back to ids.musicbrainzArtistId when id absent (0.051667ms)
✔ toSkyhookSearchShape — non-MB artist candidates emit empty id (no synthesis) (0.056875ms)
✔ toSkyhookSearchShape — album candidate is wrapped under "album" key (0.206583ms)
✔ toSkyhookSearchShape — artist images default to [] when candidate has none (0.049208ms)
✔ toSkyhookSearchShape — song candidates are filtered out (not in SkyHook search contract) (0.054167ms)
✔ toSkyhookSearchShape — unknown/missing type defaults to artist (0.080333ms)
✔ toSkyhookSearchShape — null/non-object entries are skipped (0.101167ms)
✔ toSkyhookSearchShape — output has stable required Lidarr fields (deserializer contract) (0.088ms)
✔ testArtists — pool is non-empty and unique (0.63625ms)
✔ testArtists — getPoolSize matches pool length (0.059458ms)
✔ testArtists — getNextArtist deterministic within a single calendar day (UTC) (0.075459ms)
✔ testArtists — getNextArtist rotates across days (0.058375ms)
✔ testArtists — full pool cycle returns to start (0.073125ms)
✔ testArtists — getArtistForDay handles negative and large indices (0.04525ms)
✔ isValidArtist — null/undefined/non-object → false (0.74575ms)
✔ isValidArtist — empty object → false (0.049292ms)
✔ isValidArtist — wrapped artist with artistName → true (0.049334ms)
✔ isValidArtist — wrapped artist with empty artistName → false (0.038875ms)
✔ isValidArtist — wrapped artist with whitespace artistName → false (0.046958ms)
✔ isValidArtist — wrapped artist with null artistName → false (0.039042ms)
✔ isValidArtist — wrapped artist with empty id still valid (0.046542ms)
✔ isValidArtist — wrapped album with title → true (0.047959ms)
✔ isValidArtist — wrapped album with empty title → false (0.053041ms)
✔ isValidArtist — wrapped album with no title → false (0.075791ms)
✔ isValidArtist — unwrapped lookup artist with artistName → true (0.11275ms)
✔ isValidArtist — unwrapped lookup artist with empty artistName → false (0.052125ms)
✔ isValidArtist — wrapped artist takes precedence over unwrapped fields (0.051333ms)
✔ isValidArtist — neither wrap nor lookup shape → false (0.042083ms)
✔ isValidArtist — non-object .artist value → false (0.045292ms)
ℹ tests 443
ℹ suites 4
ℹ pass 436
ℹ fail 0
ℹ cancelled 0
ℹ skipped 7
ℹ todo 0
ℹ duration_ms 14724.589167
